DRG_90_00000000713115.csv
store_id,upc_code,item_name,date,amount,quantity,unit_price,category,size,msu
90,00000000713115,SWEET FRENCH ROU,2017-12-04,31.5,7.0,4.5,,,1
90,00000000713115,SWEET FRENCH ROU,2017-12-05,31.5,7.0,4.5,,,1
90,00000000713115,SWEET FRENCH ROU,2017-12-06,18.0,4.0,4.5,,,1
90,00000000713115,SWEET FRENCH ROU,2017-12-07,40.5,9.0,4.5,,,1
90,00000000713115,SWEET FRENCH ROU,2017-12-08,40.5,9.0,4.5,,,1
90,00000000713115,SWEET FRENCH ROU,2017-12-09,22.5,5.0,4.5,,,1
90,00000000713115,SWEET FRENCH ROU,2017-12-10,49.5,11.0,4.5,,,1
90,00000000713115,SWEET FRENCH ROU,2017-12-11,31.5,7.0,4.5,,,1
90,00000000713115,SWEET FRENCH ROU,2017-12-12,22.5,5.0,4.5,,,1
90,00000000713115,SWEET FRENCH ROU,2017-12-13,18.0,4.0,4.5,,,1
90,00000000713115,SWEET FRENCH ROU,2017-12-14,36.0,8.0,4.5,,,1
90,00000000713115,SWEET FRENCH ROU,2017-12-15,18.0,4.0,4.5,,,1
90,00000000713115,SWEET FRENCH ROU,2017-12-16,45.0,10.0,4.5,,,1
90,00000000713115,SWEET FRENCH ROU,2017-12-17,36.0,8.0,4.5,,,1
90,00000000713115,SWEET FRENCH ROU,2017-12-18,40.5,9.0,4.5,,,1
90,00000000713115,SWEET FRENCH ROU,2017-12-19,27.0,6.0,4.5,,,1
90,00000000713115,SWEET FRENCH ROU,2017-12-20,45.0,10.0,4.5,,,1
90,00000000713115,SWEET FRENCH ROU,2017-12-21,45.0,10.0,4.5,,,1
90,00000000713115,SWEET FRENCH ROU,2017-12-22,49.5,11.0,4.5,,,1
90,00000000713115,SWEET FRENCH ROU,2017-12-23,72.0,16.0,4.5,,,1
90,00000000713115,SWEET FRENCH ROU,2017-12-24,130.5,29.0,4.5,,,1
90,00000000713115,SWEET FRENCH ROU,2017-12-26,31.5,7.0,4.5,,,1
90,00000000713115,SWEET FRENCH ROU,2017-12-27,13.5,3.0,4.5,,,1
90,00000000713115,SWEET FRENCH ROU,2017-12-28,36.0,8.0,4.5,,,1
90,00000000713115,SWEET FRENCH ROU,2017-12-29,36.0,8.0,4.5,,,1
90,00000000713115,SWEET FRENCH ROU,2017-12-30,22.5,5.0,4.5,,,1
90,00000000713115,SWEET FRENCH ROU,2017-12-31,81.0,18.0,4.5,,,1
90,00000000713115,SWEET FRENCH ROU,2018-01-02,45.0,10.0,4.5,,,1
90,00000000713115,SWEET FRENCH ROU,2018-01-03,67.5,15.0,4.5,,,1
90,00000000713115,SWEET FRENCH ROU,2018-01-04,54.0,12.0,4.5,,,1
90,00000000713115,SWEET FRENCH ROU,2018-01-05,31.5,7.0,4.5,,,1
90,00000000713115,SWEET FRENCH ROU,2018-01-06,27.0,6.0,4.5,,,1
90,00000000713115,SWEET FRENCH ROU,2018-01-07,40.5,9.0,4.5,,,1
90,00000000713115,SWEET FRENCH ROU,2018-01-08,31.5,7.0,4.5,,,1
90,00000000713115,SWEET FRENCH ROU,2018-01-09,49.5,11.0,4.5,,,1
90,00000000713115,SWEET FRENCH ROU,2018-01-10,40.5,9.0,4.5,,,1
90,00000000713115,SWEET FRENCH ROU,2018-01-11,36.0,8.0,4.5,,,1
90,00000000713115,SWEET FRENCH ROU,2018-01-12,18.0,4.0,4.5,,,1
90,00000000713115,SWEET FRENCH ROU,2018-01-13,27.0,6.0,4.5,,,1
90,00000000713115,SWEET FRENCH ROU,2018-01-14,31.5,7.0,4.5,,,1
90,00000000713115,SWEET FRENCH ROU,2018-01-15,22.5,5.0,4.5,,,1
90,00000000713115,SWEET FRENCH ROU,2018-01-16,36.0,8.0,4.5,,,1
90,00000000713115,SWEET FRENCH ROU,2018-01-17,18.0,4.0,4.5,,,1
90,00000000713115,SWEET FRENCH ROU,2018-01-18,27.0,6.0,4.5,,,1
90,00000000713115,SWEET FRENCH ROU,2018-01-19,13.5,3.0,4.5,,,1
90,00000000713115,SWEET FRENCH ROU,2018-01-20,45.0,10.0,4.5,,,1
90,00000000713115,SWEET FRENCH ROU,2018-01-21,31.5,7.0,4.5,,,1
90,00000000713115,SWEET FRENCH ROU,2018-01-22,31.5,7.0,4.5,,,1
90,00000000713115,SWEET FRENCH ROU,2018-01-23,40.5,9.0,4.5,,,1
90,00000000713115,SWEET FRENCH ROU,2018-01-24,22.5,5.0,4.5,,,1
90,00000000713115,SWEET FRENCH ROU,2018-01-25,18.0,4.0,4.5,,,1
90,00000000713115,SWEET FRENCH ROU,2018-01-26,27.0,6.0,4.5,,,1
90,00000000713115,SWEET FRENCH ROU,2018-01-27,36.0,8.0,4.5,,,1
90,00000000713115,SWEET FRENCH ROU,2018-01-28,45.0,10.0,4.5,,,1
90,00000000713115,SWEET FRENCH ROU,2018-01-29,18.0,4.0,4.5,,,1
90,00000000713115,SWEET FRENCH ROU,2018-01-30,27.0,6.0,4.5,,,1
90,00000000713115,SWEET FRENCH ROU,2018-01-31,27.0,6.0,4.5,,,1
90,00000000713115,SWEET FRENCH ROU,2018-02-01,13.5,3.0,4.5,,,1
90,00000000713115,SWEET FRENCH ROU,2018-02-02,22.5,5.0,4.5,,,1
90,00000000713115,SWEET FRENCH ROU,2018-02-03,27.0,6.0,4.5,,,1
90,00000000713115,SWEET FRENCH ROU,2018-02-04,31.5,7.0,4.5,,,1
90,00000000713115,SWEET FRENCH ROU,2018-02-05,22.5,5.0,4.5,,,1
90,00000000713115,SWEET FRENCH ROU,2018-02-06,31.5,7.0,4.5,,,1
90,00000000713115,SWEET FRENCH ROU,2018-02-07,22.5,5.0,4.5,,,1
90,00000000713115,SWEET FRENCH ROU,2018-02-08,9.0,2.0,4.5,,,1
90,00000000713115,SWEET FRENCH ROU,2018-02-09,9.0,2.0,4.5,,,1
90,00000000713115,SWEET FRENCH ROU,2018-02-10,31.5,7.0,4.5,,,1
90,00000000713115,SWEET FRENCH ROU,2018-02-11,31.5,7.0,4.5,,,1
90,00000000713115,SWEET FRENCH ROU,2018-02-12,22.5,5.0,4.5,,,1
90,00000000713115,SWEET FRENCH ROU,2018-02-13,18.0,4.0,4.5,,,1
90,00000000713115,SWEET FRENCH ROU,2018-02-14,36.0,8.0,4.5,,,1
90,00000000713115,SWEET FRENCH ROU,2018-02-15,18.0,4.0,4.5,,,1
90,00000000713115,SWEET FRENCH ROU,2018-02-16,18.0,4.0,4.5,,,1
90,00000000713115,SWEET FRENCH ROU,2018-02-17,36.0,8.0,4.5,,,1
90,00000000713115,SWEET FRENCH ROU,2018-02-18,31.5,7.0,4.5,,,1
90,00000000713115,SWEET FRENCH ROU,2018-02-19,18.0,4.0,4.5,,,1
90,00000000713115,SWEET FRENCH ROU,2018-02-20,18.0,4.0,4.5,,,1
90,00000000713115,SWEET FRENCH ROU,2018-02-21,18.0,4.0,4.5,,,1
90,00000000713115,SWEET FRENCH ROU,2018-02-22,31.5,7.0,4.5,,,1
90,00000000713115,SWEET FRENCH ROU,2018-02-23,31.5,7.0,4.5,,,1
90,00000000713115,SWEET FRENCH ROU,2018-02-24,36.0,8.0,4.5,,,1
90,00000000713115,SWEET FRENCH ROU,2018-02-25,36.0,8.0,4.5,,,1
90,00000000713115,SWEET FRENCH ROU,2018-02-26,27.0,6.0,4.5,,,1
90,00000000713115,SWEET FRENCH ROU,2018-02-27,31.5,7.0,4.5,,,1
90,00000000713115,SWEET FRENCH ROU,2018-03-01,22.5,5.0,4.5,,,1
90,00000000713115,SWEET FRENCH ROU,2018-03-02,27.0,6.0,4.5,,,1
90,00000000713115,SWEET FRENCH ROU,2018-03-03,36.0,8.0,4.5,,,1
90,00000000713115,SWEET FRENCH ROU,2018-03-04,31.5,7.0,4.5,,,1
90,00000000713115,SWEET FRENCH ROU,2018-03-05,27.0,6.0,4.5,,,1
90,00000000713115,SWEET FRENCH ROU,2018-03-06,18.0,4.0,4.5,,,1
90,00000000713115,SWEET FRENCH ROU,2018-03-07,31.5,7.0,4.5,,,1
90,00000000713115,SWEET FRENCH ROU,2018-03-08,18.0,4.0,4.5,,,1
90,00000000713115,SWEET FRENCH ROU,2018-03-09,31.5,7.0,4.5,,,1
90,00000000713115,SWEET FRENCH ROU,2018-03-10,27.0,6.0,4.5,,,1
90,00000000713115,SWEET FRENCH ROU,2018-03-11,36.0,8.0,4.5,,,1
90,00000000713115,SWEET FRENCH ROU,2018-03-12,22.5,5.0,4.5,,,1
90,00000000713115,SWEET FRENCH ROU,2018-03-13,31.5,7.0,4.5,,,1
90,00000000713115,SWEET FRENCH ROU,2018-03-14,13.5,3.0,4.5,,,1
90,00000000713115,SWEET FRENCH ROU,2018-03-15,18.0,4.0,4.5,,,1
90,00000000713115,SWEET FRENCH ROU,2018-03-16,13.5,3.0,4.5,,,1
90,00000000713115,SWEET FRENCH ROU,2018-03-17,27.0,6.0,4.5,,,1
90,00000000713115,SWEET FRENCH ROU,2018-03-18,18.0,4.0,4.5,,,1
90,00000000713115,SWEET FRENCH ROU,2018-03-19,31.5,7.0,4.5,,,1
90,00000000713115,SWEET FRENCH ROU,2018-03-20,22.5,5.0,4.5,,,1
90,00000000713115,SWEET FRENCH ROU,2018-03-21,36.0,8.0,4.5,,,1
90,00000000713115,SWEET FRENCH ROU,2018-03-22,18.0,4.0,4.5,,,1
90,00000000713115,SWEET FRENCH ROU,2018-03-23,36.0,8.0,4.5,,,1
90,00000000713115,SWEET FRENCH ROU,2018-03-24,36.0,8.0,4.5,,,1
90,00000000713115,SWEET FRENCH ROU,2018-03-25,36.0,8.0,4.5,,,1
90,00000000713115,SWEET FRENCH ROU,2018-03-26,31.5,7.0,4.5,,,1
90,00000000713115,SWEET FRENCH ROU,2018-03-27,31.5,7.0,4.5,,,1
90,00000000713115,SWEET FRENCH ROU,2018-03-28,18.0,4.0,4.5,,,1
90,00000000713115,SWEET FRENCH ROU,2018-03-30,40.5,9.0,4.5,,,1
90,00000000713115,SWEET FRENCH ROU,2018-03-31,45.0,10.0,4.5,,,1
90,00000000713115,SWEET FRENCH ROU,2018-04-01,45.0,10.0,4.5,,,1
90,00000000713115,SWEET FRENCH ROU,2018-04-03,22.5,5.0,4.5,,,1
90,00000000713115,SWEET FRENCH ROU,2018-04-04,13.5,3.0,4.5,,,1
90,00000000713115,SWEET FRENCH ROU,2018-04-05,18.0,4.0,4.5,,,1
90,00000000713115,SWEET FRENCH ROU,2018-04-06,36.0,8.0,4.5,,,1
90,00000000713115,SWEET FRENCH ROU,2018-04-07,31.5,7.0,4.5,,,1
90,00000000713115,SWEET FRENCH ROU,2018-04-08,31.5,7.0,4.5,,,1
90,00000000713115,SWEET FRENCH ROU,2018-04-09,9.0,2.0,4.5,,,1
90,00000000713115,SWEET FRENCH ROU,2018-04-10,27.0,6.0,4.5,,,1
90,00000000713115,SWEET FRENCH ROU,2018-04-11,13.5,3.0,4.5,,,1
90,00000000713115,SWEET FRENCH ROU,2018-04-12,27.0,6.0,4.5,,,1
90,00000000713115,SWEET FRENCH ROU,2018-04-13,31.5,7.0,4.5,,,1
90,00000000713115,SWEET FRENCH ROU,2018-04-14,22.5,5.0,4.5,,,1
90,00000000713115,SWEET FRENCH ROU,2018-04-15,27.0,6.0,4.5,,,1
90,00000000713115,SWEET FRENCH ROU,2018-04-16,22.5,5.0,4.5,,,1
90,00000000713115,SWEET FRENCH ROU,2018-04-17,18.0,4.0,4.5,,,1
90,00000000713115,SWEET FRENCH ROU,2018-04-18,22.5,5.0,4.5,,,1
90,00000000713115,SWEET FRENCH ROU,2018-04-19,31.5,7.0,4.5,,,1
90,00000000713115,SWEET FRENCH ROU,2018-04-20,18.0,4.0,4.5,,,1
90,00000000713115,SWEET FRENCH ROU,2018-04-21,13.5,3.0,4.5,,,1
90,00000000713115,SWEET FRENCH ROU,2018-04-22,36.0,8.0,4.5,,,1
90,00000000713115,SWEET FRENCH ROU,2018-04-23,9.0,2.0,4.5,,,1
90,00000000713115,SWEET FRENCH ROU,2018-04-24,13.5,3.0,4.5,,,1
90,00000000713115,SWEET FRENCH ROU,2018-04-25,9.0,2.0,4.5,,,1
90,00000000713115,SWEET FRENCH ROU,2018-04-26,13.5,3.0,4.5,,,1
90,00000000713115,SWEET FRENCH ROU,2018-04-27,31.5,7.0,4.5,,,1
90,00000000713115,SWEET FRENCH ROU,2018-04-28,27.0,6.0,4.5,,,1
90,00000000713115,SWEET FRENCH ROU,2018-04-29,31.5,7.0,4.5,,,1
90,00000000713115,SWEET FRENCH ROU,2018-04-30,4.5,1.0,4.5,,,1
90,00000000713115,SWEET FRENCH ROU,2018-05-01,22.5,5.0,4.5,,,1
90,00000000713115,SWEET FRENCH ROU,2018-05-02,4.5,1.0,4.5,,,1
90,00000000713115,SWEET FRENCH ROU,2018-05-03,18.0,4.0,4.5,,,1
90,00000000713115,SWEET FRENCH ROU,2018-05-04,27.0,6.0,4.5,,,1
90,00000000713115,SWEET FRENCH ROU,2018-05-05,18.0,4.0,4.5,,,1
90,00000000713115,SWEET FRENCH ROU,2018-05-06,27.0,6.0,4.5,,,1
90,00000000713115,SWEET FRENCH ROU,2018-05-07,18.0,4.0,4.5,,,1
90,00000000713115,SWEET FRENCH ROU,2018-05-08,27.0,6.0,4.5,,,1
90,00000000713115,SWEET FRENCH ROU,2018-05-09,27.0,6.0,4.5,,,1
90,00000000713115,SWEET FRENCH ROU,2018-05-10,4.5,1.0,4.5,,,1
90,00000000713115,SWEET FRENCH ROU,2018-05-11,22.5,5.0,4.5,,,1
90,00000000713115,SWEET FRENCH ROU,2018-05-12,27.0,6.0,4.5,,,1
90,00000000713115,SWEET FRENCH ROU,2018-05-13,27.0,6.0,4.5,,,1
90,00000000713115,SWEET FRENCH ROU,2018-05-14,13.5,3.0,4.5,,,1
90,00000000713115,SWEET FRENCH ROU,2018-05-15,13.5,3.0,4.5,,,1
90,00000000713115,SWEET FRENCH ROU,2018-05-16,18.0,4.0,4.5,,,1
90,00000000713115,SWEET FRENCH ROU,2018-05-17,4.5,1.0,4.5,,,1
90,00000000713115,SWEET FRENCH ROU,2018-05-18,27.0,6.0,4.5,,,1
90,00000000713115,SWEET FRENCH ROU,2018-05-19,27.0,6.0,4.5,,,1
90,00000000713115,SWEET FRENCH ROU,2018-05-20,27.0,6.0,4.5,,,1
90,00000000713115,SWEET FRENCH ROU,2018-05-21,18.0,4.0,4.5,,,1
90,00000000713115,SWEET FRENCH ROU,2018-05-22,18.0,4.0,4.5,,,1
90,00000000713115,SWEET FRENCH ROU,2018-05-23,13.5,3.0,4.5,,,1
90,00000000713115,SWEET FRENCH ROU,2018-05-24,18.0,4.0,4.5,,,1
90,00000000713115,SWEET FRENCH ROU,2018-05-25,22.5,5.0,4.5,,,1
90,00000000713115,SWEET FRENCH ROU,2018-05-26,31.5,7.0,4.5,,,1
90,00000000713115,SWEET FRENCH ROU,2018-05-27,4.5,1.0,4.5,,,1
90,00000000713115,SWEET FRENCH ROU,2018-05-28,27.0,6.0,4.5,,,1
90,00000000713115,SWEET FRENCH ROU,2018-05-29,27.0,6.0,4.5,,,1
90,00000000713115,SWEET FRENCH ROU,2018-05-30,4.5,1.0,4.5,,,1
90,00000000713115,SWEET FRENCH ROU,2018-05-31,31.5,7.0,4.5,,,1
90,00000000713115,SWEET FRENCH ROU,2018-06-01,36.0,8.0,4.5,,,1
90,00000000713115,SWEET FRENCH ROU,2018-06-02,22.5,5.0,4.5,,,1
90,00000000713115,SWEET FRENCH ROU,2018-06-03,9.0,2.0,4.5,,,1
90,00000000713115,SWEET FRENCH ROU,2018-06-04,18.0,4.0,4.5,,,1
90,00000000713115,SWEET FRENCH ROU,2018-06-05,13.5,3.0,4.5,,,1
90,00000000713115,SWEET FRENCH ROU,2018-06-06,22.5,5.0,4.5,,,1
90,00000000713115,SWEET FRENCH ROU,2018-06-07,9.0,2.0,4.5,,,1
90,00000000713115,SWEET FRENCH ROU,2018-06-08,22.5,5.0,4.5,,,1
90,00000000713115,SWEET FRENCH ROU,2018-06-09,13.5,3.0,4.5,,,1
90,00000000713115,SWEET FRENCH ROU,2018-06-10,27.0,6.0,4.5,,,1
90,00000000713115,SWEET FRENCH ROU,2018-06-11,9.0,2.0,4.5,,,1
90,00000000713115,SWEET FRENCH ROU,2018-06-12,9.0,2.0,4.5,,,1
90,00000000713115,SWEET FRENCH ROU,2018-06-13,4.5,1.0,4.5,,,1
90,00000000713115,SWEET FRENCH ROU,2018-06-14,22.5,5.0,4.5,,,1
90,00000000713115,SWEET FRENCH ROU,2018-06-15,13.5,3.0,4.5,,,1
90,00000000713115,SWEET FRENCH ROU,2018-06-16,54.0,12.0,4.5,,,1
90,00000000713115,SWEET FRENCH ROU,2018-06-17,27.0,6.0,4.5,,,1
90,00000000713115,SWEET FRENCH ROU,2018-06-18,22.5,5.0,4.5,,,1
90,00000000713115,SWEET FRENCH ROU,2018-06-21,22.5,5.0,4.5,,,1
90,00000000713115,SWEET FRENCH ROU,2018-06-22,27.0,6.0,4.5,,,1
90,00000000713115,SWEET FRENCH ROU,2018-06-23,18.0,4.0,4.5,,,1
90,00000000713115,SWEET FRENCH ROU,2018-06-24,27.0,6.0,4.5,,,1
90,00000000713115,SWEET FRENCH ROU,2018-06-25,27.0,6.0,4.5,,,1
90,00000000713115,SWEET FRENCH ROU,2018-06-26,13.5,3.0,4.5,,,1
90,00000000713115,SWEET FRENCH ROU,2018-06-27,22.5,5.0,4.5,,,1
90,00000000713115,SWEET FRENCH ROU,2018-06-28,4.5,1.0,4.5,,,1
90,00000000713115,SWEET FRENCH ROU,2018-06-29,4.5,1.0,4.5,,,1
90,00000000713115,SWEET FRENCH ROU,2018-06-30,18.0,4.0,4.5,,,1
90,00000000713115,SWEET FRENCH ROU,2018-07-01,22.5,5.0,4.5,,,1
90,00000000713115,SWEET FRENCH ROU,2018-07-02,13.5,3.0,4.5,,,1
90,00000000713115,SWEET FRENCH ROU,2018-07-03,27.0,6.0,4.5,,,1
90,00000000713115,SWEET FRENCH ROU,2018-07-04,22.5,5.0,4.5,,,1
90,00000000713115,SWEET FRENCH ROU,2018-07-05,13.5,3.0,4.5,,,1
90,00000000713115,SWEET FRENCH ROU,2018-07-06,18.0,4.0,4.5,,,1
90,00000000713115,SWEET FRENCH ROU,2018-07-07,9.0,2.0,4.5,,,1
90,00000000713115,SWEET FRENCH ROU,2018-07-08,27.0,6.0,4.5,,,1
90,00000000713115,SWEET FRENCH ROU,2018-07-09,31.5,7.0,4.5,,,1
90,00000000713115,SWEET FRENCH ROU,2018-07-10,22.5,5.0,4.5,,,1
90,00000000713115,SWEET FRENCH ROU,2018-07-11,4.5,1.0,4.5,,,1
90,00000000713115,SWEET FRENCH ROU,2018-07-12,9.0,2.0,4.5,,,1
90,00000000713115,SWEET FRENCH ROU,2018-07-13,4.5,1.0,4.5,,,1
90,00000000713115,SWEET FRENCH ROU,2018-07-14,31.5,7.0,4.5,,,1
90,00000000713115,SWEET FRENCH ROU,2018-07-15,22.5,5.0,4.5,,,1
90,00000000713115,SWEET FRENCH ROU,2018-07-17,22.5,5.0,4.5,,,1
90,00000000713115,SWEET FRENCH ROU,2018-07-18,27.0,6.0,4.5,,,1
90,00000000713115,SWEET FRENCH ROU,2018-07-19,18.0,4.0,4.5,,,1
90,00000000713115,SWEET FRENCH ROU,2018-07-20,27.0,6.0,4.5,,,1
90,00000000713115,SWEET FRENCH ROU,2018-07-21,22.5,5.0,4.5,,,1
90,00000000713115,SWEET FRENCH ROU,2018-07-22,27.0,6.0,4.5,,,1
90,00000000713115,SWEET FRENCH ROU,2018-07-23,13.5,3.0,4.5,,,1
90,00000000713115,SWEET FRENCH ROU,2018-07-24,27.0,6.0,4.5,,,1
90,00000000713115,SWEET FRENCH ROU,2018-07-25,4.5,1.0,4.5,,,1
90,00000000713115,SWEET FRENCH ROU,2018-07-26,9.0,2.0,4.5,,,1
90,00000000713115,SWEET FRENCH ROU,2018-07-27,9.0,2.0,4.5,,,1
90,00000000713115,SWEET FRENCH ROU,2018-07-28,9.0,2.0,4.5,,,1
90,00000000713115,SWEET FRENCH ROU,2018-07-29,13.5,3.0,4.5,,,1
90,00000000713115,SWEET FRENCH ROU,2018-07-30,9.0,2.0,4.5,,,1
90,00000000713115,SWEET FRENCH ROU,2018-07-31,27.0,6.0,4.5,,,1
90,00000000713115,SWEET FRENCH ROU,2018-08-01,18.0,4.0,4.5,,,1
90,00000000713115,SWEET FRENCH ROU,2018-08-02,18.0,4.0,4.5,,,1
90,00000000713115,SWEET FRENCH ROU,2018-08-03,18.0,4.0,4.5,,,1
90,00000000713115,SWEET FRENCH ROU,2018-08-04,18.0,4.0,4.5,,,1
90,00000000713115,SWEET FRENCH ROU,2018-08-05,22.5,5.0,4.5,,,1
90,00000000713115,SWEET FRENCH ROU,2018-08-06,9.0,2.0,4.5,,,1
90,00000000713115,SWEET FRENCH ROU,2018-08-07,9.0,2.0,4.5,,,1
90,00000000713115,SWEET FRENCH ROU,2018-08-08,13.5,3.0,4.5,,,1
90,00000000713115,SWEET FRENCH ROU,2018-08-09,13.5,3.0,4.5,,,1
90,00000000713115,SWEET FRENCH ROU,2018-08-10,27.0,6.0,4.5,,,1
90,00000000713115,SWEET FRENCH ROU,2018-08-11,13.5,3.0,4.5,,,1
90,00000000713115,SWEET FRENCH ROU,2018-08-12,27.0,6.0,4.5,,,1
90,00000000713115,SWEET FRENCH ROU,2018-08-14,22.5,5.0,4.5,,,1
90,00000000713115,SWEET FRENCH ROU,2018-08-15,22.5,5.0,4.5,,,1
90,00000000713115,SWEET FRENCH ROU,2018-08-16,4.5,1.0,4.5,,,1
90,00000000713115,SWEET FRENCH ROU,2018-08-17,13.5,3.0,4.5,,,1
90,00000000713115,SWEET FRENCH ROU,2018-08-18,9.0,2.0,4.5,,,1
90,00000000713115,SWEET FRENCH ROU,2018-08-19,13.5,3.0,4.5,,,1
90,00000000713115,SWEET FRENCH ROU,2018-08-20,4.5,1.0,4.5,,,1
90,00000000713115,SWEET FRENCH ROU,2018-08-21,13.5,3.0,4.5,,,1
90,00000000713115,SWEET FRENCH ROU,2018-08-22,13.5,3.0,4.5,,,1
90,00000000713115,SWEET FRENCH ROU,2018-08-24,4.5,1.0,4.5,,,1
90,00000000713115,SWEET FRENCH ROU,2018-08-25,4.5,1.0,4.5,,,1
90,00000000713115,SWEET FRENCH ROU,2018-08-26,27.0,6.0,4.5,,,1
90,00000000713115,SWEET FRENCH ROU,2018-08-27,13.5,3.0,4.5,,,1
90,00000000713115,SWEET FRENCH ROU,2018-08-28,9.0,2.0,4.5,,,1
90,00000000713115,SWEET FRENCH ROU,2018-08-29,29.7,6.0,4.95,,,1
90,00000000713115,SWEET FRENCH ROU,2018-08-30,19.8,4.0,4.95,,,1
90,00000000713115,SWEET FRENCH ROU,2018-08-31,19.8,4.0,4.95,,,1
90,00000000713115,SWEET FRENCH ROU,2018-09-01,24.75,5.0,4.95,,,1
90,00000000713115,SWEET FRENCH ROU,2018-09-02,4.95,1.0,4.95,,,1
90,00000000713115,SWEET FRENCH ROU,2018-09-03,19.8,4.0,4.95,,,1
90,00000000713115,SWEET FRENCH ROU,2018-09-04,19.8,4.0,4.95,,,1
90,00000000713115,SWEET FRENCH ROU,2018-09-05,14.85,3.0,4.95,,,1
90,00000000713115,SWEET FRENCH ROU,2018-09-06,24.75,5.0,4.95,,,1
90,00000000713115,SWEET FRENCH ROU,2018-09-07,29.7,6.0,4.95,,,1
90,00000000713115,SWEET FRENCH ROU,2018-09-08,14.85,3.0,4.95,,,1
90,00000000713115,SWEET FRENCH ROU,2018-09-09,34.65,7.0,4.95,,,1
90,00000000713115,SWEET FRENCH ROU,2018-09-10,29.7,6.0,4.95,,,1
90,00000000713115,SWEET FRENCH ROU,2018-09-12,24.75,5.0,4.95,,,1
90,00000000713115,SWEET FRENCH ROU,2018-09-13,9.9,2.0,4.95,,,1
90,00000000713115,SWEET FRENCH ROU,2018-09-14,19.8,4.0,4.95,,,1
90,00000000713115,SWEET FRENCH ROU,2018-09-15,24.75,5.0,4.95,,,1
90,00000000713115,SWEET FRENCH ROU,2018-09-16,24.75,5.0,4.95,,,1
90,00000000713115,SWEET FRENCH ROU,2018-09-17,9.9,2.0,4.95,,,1
90,00000000713115,SWEET FRENCH ROU,2018-09-18,14.85,3.0,4.95,,,1
90,00000000713115,SWEET FRENCH ROU,2018-09-19,29.7,6.0,4.95,,,1
90,00000000713115,SWEET FRENCH ROU,2018-09-20,34.65,7.0,4.95,,,1
90,00000000713115,SWEET FRENCH ROU,2018-09-21,24.75,5.0,4.95,,,1
90,00000000713115,SWEET FRENCH ROU,2018-09-22,24.75,5.0,4.95,,,1
90,00000000713115,SWEET FRENCH ROU,2018-09-23,29.7,6.0,4.95,,,1
